2026-05-23T19:59:03.856+05:30  INFO 6740 --- [employee-service] [main] c.e.e.controller.EmployeeControllerTest  : Starting EmployeeControllerTest using Java 22 with PID 6740 (started by khanl in C:\employee-management-system\employee-service)
2026-05-23T19:59:03.858+05:30  INFO 6740 --- [employee-service] [main] c.e.e.controller.EmployeeControllerTest  : No active profile set, falling back to 1 default profile: "default"
2026-05-23T19:59:07.744+05:30  INFO 6740 --- [employee-service] [main] r$InitializeUserDetailsManagerConfigurer : Global AuthenticationManager configured with UserDetailsService bean with name inMemoryUserDetailsManager
2026-05-23T19:59:08.060+05:30  INFO 6740 --- [employee-service] [main] o.s.b.t.m.w.SpringBootMockServletContext : Initializing Spring TestDispatcherServlet ''
2026-05-23T19:59:08.060+05:30  INFO 6740 --- [employee-service] [main] o.s.t.web.servlet.TestDispatcherServlet  : Initializing Servlet ''
2026-05-23T19:59:08.062+05:30  INFO 6740 --- [employee-service] [main] o.s.t.web.servlet.TestDispatcherServlet  : Completed initialization in 2 ms
2026-05-23T19:59:08.101+05:30  INFO 6740 --- [employee-service] [main] c.e.e.controller.EmployeeControllerTest  : Started EmployeeControllerTest in 5.227 seconds (process running for 7.498)
2026-05-23T20:02:15.476+05:30  INFO 18496 --- [employee-service] [main] c.e.e.controller.EmployeeControllerTest  : Starting EmployeeControllerTest using Java 22 with PID 18496 (started by khanl in C:\employee-management-system\employee-service)
2026-05-23T20:02:15.479+05:30  INFO 18496 --- [employee-service] [main] c.e.e.controller.EmployeeControllerTest  : No active profile set, falling back to 1 default profile: "default"
2026-05-23T20:02:18.493+05:30  INFO 18496 --- [employee-service] [main] r$InitializeUserDetailsManagerConfigurer : Global AuthenticationManager configured with UserDetailsService bean with name inMemoryUserDetailsManager
2026-05-23T20:02:18.704+05:30  INFO 18496 --- [employee-service] [main] o.s.b.t.m.w.SpringBootMockServletContext : Initializing Spring TestDispatcherServlet ''
2026-05-23T20:02:18.705+05:30  INFO 18496 --- [employee-service] [main] o.s.t.web.servlet.TestDispatcherServlet  : Initializing Servlet ''
2026-05-23T20:02:18.707+05:30  INFO 18496 --- [employee-service] [main] o.s.t.web.servlet.TestDispatcherServlet  : Completed initialization in 2 ms
2026-05-23T20:02:18.739+05:30  INFO 18496 --- [employee-service] [main] c.e.e.controller.EmployeeControllerTest  : Started EmployeeControllerTest in 4.358 seconds (process running for 6.964)
2026-05-23T20:12:30.049+05:30  INFO 3796 --- [employee-service] [main] c.e.e.controller.EmployeeControllerTest  : Starting EmployeeControllerTest using Java 22 with PID 3796 (started by khanl in C:\employee-management-system\employee-service)
2026-05-23T20:12:30.053+05:30  INFO 3796 --- [employee-service] [main] c.e.e.controller.EmployeeControllerTest  : No active profile set, falling back to 1 default profile: "default"
2026-05-23T20:12:33.221+05:30  INFO 3796 --- [employee-service] [main] r$InitializeUserDetailsManagerConfigurer : Global AuthenticationManager configured with UserDetailsService bean with name inMemoryUserDetailsManager
2026-05-23T20:12:33.451+05:30  INFO 3796 --- [employee-service] [main] o.s.b.t.m.w.SpringBootMockServletContext : Initializing Spring TestDispatcherServlet ''
2026-05-23T20:12:33.452+05:30  INFO 3796 --- [employee-service] [main] o.s.t.web.servlet.TestDispatcherServlet  : Initializing Servlet ''
2026-05-23T20:12:33.454+05:30  INFO 3796 --- [employee-service] [main] o.s.t.web.servlet.TestDispatcherServlet  : Completed initialization in 2 ms
2026-05-23T20:12:33.490+05:30  INFO 3796 --- [employee-service] [main] c.e.e.controller.EmployeeControllerTest  : Started EmployeeControllerTest in 4.532 seconds (process running for 7.07)
2026-05-23T20:12:33.877+05:30 ERROR 3796 --- [employee-service] [main] c.e.e.exception.GlobalExceptionHandler   : Validation failed: Validation failed for argument [1] in public org.springframework.http.ResponseEntity<com.ems.employee.dto.EmployeeDTO> com.ems.employee.controller.EmployeeController.updateEmployee(java.lang.String,com.ems.employee.dto.EmployeeDTO) with 2 errors: [Field error in object 'employeeDTO' on field 'address': rejected value [null]; codes [NotBlank.employeeDTO.address,NotBlank.address,NotBlank.java.lang.String,NotBlank]; arguments [org.springframework.context.support.DefaultMessageSourceResolvable: codes [employeeDTO.address,address]; arguments []; default message [address]]; default message [Address must not be blank]] [Field error in object 'employeeDTO' on field 'age': rejected value [null]; codes [NotNull.employeeDTO.age,NotNull.age,NotNull.java.lang.Integer,NotNull]; arguments [org.springframework.context.support.DefaultMessageSourceResolvable: codes [employeeDTO.age,age]; arguments []; default message [age]]; default message [Age must not be null]] 
2026-05-23T20:12:33.958+05:30  INFO 3796 --- [employee-service] [main] c.e.e.controller.EmployeeController      : POST /employees - Creating employee: Tauqeer
2026-05-23T20:12:33.970+05:30  INFO 3796 --- [employee-service] [main] c.e.e.controller.EmployeeController      : Employee created with id: 1
2026-05-23T20:12:34.040+05:30  INFO 3796 --- [employee-service] [main] c.e.e.controller.EmployeeController      : GET /employees/1 - Fetching employee
2026-05-23T20:12:34.058+05:30  INFO 3796 --- [employee-service] [main] c.e.e.controller.EmployeeController      : GET /employees - Fetching all employees
2026-05-23T20:12:34.058+05:30  INFO 3796 --- [employee-service] [main] c.e.e.controller.EmployeeController      : Returning 1 employees
2026-05-23T20:12:34.089+05:30  INFO 3796 --- [employee-service] [main] c.e.e.controller.EmployeeController      : DELETE /employees/1 - Deleting employee
2026-05-23T20:12:34.089+05:30  INFO 3796 --- [employee-service] [main] c.e.e.controller.EmployeeController      : Employee deleted: 1
2026-05-23T20:14:31.683+05:30  INFO 20308 --- [employee-service] [main] c.e.e.EmployeeServiceApplicationTests    : Starting EmployeeServiceApplicationTests using Java 22 with PID 20308 (started by khanl in C:\employee-management-system\employee-service)
2026-05-23T20:14:31.685+05:30  INFO 20308 --- [employee-service] [main] c.e.e.EmployeeServiceApplicationTests    : No active profile set, falling back to 1 default profile: "default"
2026-05-23T20:14:33.037+05:30  INFO 20308 --- [employee-service] [main] .s.d.r.c.RepositoryConfigurationDelegate : Bootstrapping Spring Data MongoDB repositories in DEFAULT mode.
2026-05-23T20:14:33.132+05:30  INFO 20308 --- [employee-service] [main] .s.d.r.c.RepositoryConfigurationDelegate : Finished Spring Data repository scanning in 78 ms. Found 1 MongoDB repository interface.
2026-05-23T20:14:34.590+05:30  INFO 20308 --- [employee-service] [main] org.mongodb.driver.client                : MongoClient with metadata {"driver": {"name": "mongo-java-driver|sync|spring-boot", "version": "5.5.2"}, "os": {"type": "Windows", "name": "Windows 11", "architecture": "amd64", "version": "10.0"}, "platform": "Java/Oracle Corporation/22+36-2370"} created with settings MongoClientSettings{readPreference=primary, writeConcern=WriteConcern{w=null, wTimeout=null ms, journal=null}, retryWrites=true, retryReads=true, readConcern=ReadConcern{level=null}, credential=null, transportSettings=null, commandListeners=[], codecRegistry=ProvidersCodecRegistry{codecProviders=[ValueCodecProvider{}, BsonValueCodecProvider{}, DBRefCodecProvider{}, DBObjectCodecProvider{}, DocumentCodecProvider{}, CollectionCodecProvider{}, IterableCodecProvider{}, MapCodecProvider{}, GeoJsonCodecProvider{}, GridFSFileCodecProvider{}, Jsr310CodecProvider{}, JsonObjectCodecProvider{}, BsonCodecProvider{}, EnumCodecProvider{}, com.mongodb.client.model.mql.ExpressionCodecProvider@8641b7d, com.mongodb.Jep395RecordCodecProvider@37c7766e, com.mongodb.KotlinCodecProvider@3fb450d7]}, loggerSettings=LoggerSettings{maxDocumentLength=1000}, clusterSettings={hosts=[localhost:27017], srvServiceName=mongodb, mode=SINGLE, requiredClusterType=UNKNOWN, requiredReplicaSetName='null', serverSelector='null', clusterListeners='[]', serverSelectionTimeout='30000 ms', localThreshold='15 ms'}, socketSettings=SocketSettings{connectTimeoutMS=10000, readTimeoutMS=0, receiveBufferSize=0, proxySettings=ProxySettings{host=null, port=null, username=null, password=null}}, heartbeatSocketSettings=SocketSettings{connectTimeoutMS=10000, readTimeoutMS=10000, receiveBufferSize=0, proxySettings=ProxySettings{host=null, port=null, username=null, password=null}}, connectionPoolSettings=ConnectionPoolSettings{maxSize=100, minSize=0, maxWaitTimeMS=120000, maxConnectionLifeTimeMS=0, maxConnectionIdleTimeMS=0, maintenanceInitialDelayMS=0, maintenanceFrequencyMS=60000, connectionPoolListeners=[], maxConnecting=2}, serverSettings=ServerSettings{heartbeatFrequencyMS=10000, minHeartbeatFrequencyMS=500, serverMonitoringMode=AUTO, serverListeners='[]', serverMonitorListeners='[]'}, sslSettings=SslSettings{enabled=false, invalidHostNameAllowed=false, context=null}, applicationName='null', compressorList=[], uuidRepresentation=JAVA_LEGACY, serverApi=null, autoEncryptionSettings=null, dnsClient=null, inetAddressResolver=null, contextProvider=null, timeoutMS=null}
2026-05-23T20:14:34.672+05:30  INFO 20308 --- [employee-service] [cluster-ClusterId{value='6a11bd52eef2ef2fd746a9b9', description='null'}-localhost:27017] org.mongodb.driver.cluster               : Monitor thread successfully connected to server with description ServerDescription{address=localhost:27017, type=STANDALONE, cryptd=false, state=CONNECTED, ok=true, minWireVersion=0, maxWireVersion=28, maxDocumentSize=16777216, logicalSessionTimeoutMinutes=30, roundTripTimeNanos=86857500, minRoundTripTimeNanos=0}
2026-05-23T20:14:35.653+05:30  INFO 20308 --- [employee-service] [main] r$InitializeUserDetailsManagerConfigurer : Global AuthenticationManager configured with UserDetailsService bean with name inMemoryUserDetailsManager
2026-05-23T20:14:36.258+05:30  INFO 20308 --- [employee-service] [main] c.e.e.EmployeeServiceApplicationTests    : Started EmployeeServiceApplicationTests in 5.488 seconds (process running for 8.067)
